// Vitest Snapshot v1, https://vitest.dev/guide/snapshot.html

exports[`InputEmbeddingDimension > basic rendering > should match snapshot with all props 1`] = `
<div
  data-testid="space-compact"
  style="width: 100%;"
>
  <input
    data-testid="input-number"
    placeholder="1024"
    style="flex: 1;"
    type="number"
    value="1536"
  />
</div>
`;
